// Jest Snapshot v1, https://jestjs.io/docs/snapshot-testing

exports[`renders correctly for player 1 with 5 points 1`] = `
<View
  style={
    [
      {
        "alignItems": "center",
        "flexDirection": "row",
        "fontSize": 16,
        "fontWeight": "bold",
        "gap": 8,
        "position": "absolute",
      },
      {
        "bottom": "75%",
        "right": 224,
        "transform": [
          {
            "rotate": "180deg",
          },
        ],
      },
    ]
  }
  testID="total-points-value-1"
>
  <Text
    style={
      [
        {
          "fontSize": 16,
          "fontWeight": "bold",
        },
        {
          "color": "#316600",
        },
      ]
    }
    testID="total-points-value-1-text"
  >
    5
    <Text
      style={
        [
          {
            "fontSize": 16,
            "fontWeight": "bold",
          },
          {
            "color": "#6f6f7b",
            "fontWeight": "normal",
          },
        ]
      }
    >
       / 121
    </Text>
  </Text>
</View>
`;

exports[`renders correctly for player 2 with 42 points 1`] = `
<View
  style={
    [
      {
        "alignItems": "center",
        "flexDirection": "row",
        "fontSize": 16,
        "fontWeight": "bold",
        "gap": 8,
        "position": "absolute",
      },
      {
        "left": 224,
        "top": "75%",
      },
    ]
  }
  testID="total-points-value-2"
>
  <Text
    style={
      [
        {
          "fontSize": 16,
          "fontWeight": "bold",
        },
        {
          "color": "#0059b2",
        },
      ]
    }
    testID="total-points-value-2-text"
  >
    42
    <Text
      style={
        [
          {
            "fontSize": 16,
            "fontWeight": "bold",
          },
          {
            "color": "#6f6f7b",
            "fontWeight": "normal",
          },
        ]
      }
    >
       / 121
    </Text>
  </Text>
  <RNSVGSvgView
    align="xMidYMid"
    bbHeight={14}
    bbWidth={11}
    color="#0059b2"
    fill="none"
    focusable={false}
    height={14}
    meetOrSlice={0}
    minX={0}
    minY={0}
    style={
      [
        {
          "backgroundColor": "transparent",
          "borderWidth": 0,
        },
        {
          "flex": 0,
          "height": 14,
          "width": 11,
        },
      ]
    }
    testID="skunk-icon-player-2"
    vbHeight={14}
    vbWidth={11}
    width={11}
    xml="<svg width="11" height="14" viewBox="0 0 11 14" fill="none" xmlns="http://www.w3.org/2000/svg">
<path fill-rule="evenodd" clip-rule="evenodd" d="M4.82624 9.03196C3.67511 9.92578 3.23111 10.7143 3.17729 11.2302C3.17729 11.2302 4.55577 9.81371 6.41698 9.20043C9.09331 8.31857 9.66399 7.35117 10.1405 5.74663C10.7265 3.26601 8.83288 1.33924 6.56286 0.976518C2.03828 0.253574 1.52445 3.92431 1.52445 3.92431C1.55436 3.91352 1.58362 3.90363 1.61286 3.89384C2.00214 3.05913 3.02844 1.4964 5.18477 1.75457C7.62321 2.04655 9.75583 5.20429 4.82624 9.03196Z" fill="currentColor"/>
<path fill-rule="evenodd" clip-rule="evenodd" d="M4.65271 2.76402C6.15503 3.11349 6.5896 4.31277 5.61767 6.17322C4.64574 8.03368 1.27498 9.88519 2.52272 12.5365C2.37536 12.9415 2.61465 14.0405 2.0487 13.4146C1.48274 12.7888 0.151326 10.1454 1.81255 7.89624C3.47376 5.64704 4.00334 3.57387 2.14249 3.71753C2.14249 3.71753 3.18748 2.42316 4.65271 2.76402Z" fill="currentColor"/>
</svg>"
    xmlns="http://www.w3.org/2000/svg"
  >
    <RNSVGGroup
      fill={null}
      propList={
        [
          "fill",
        ]
      }
    >
      <RNSVGPath
        clipRule={0}
        d="M4.82624 9.03196C3.67511 9.92578 3.23111 10.7143 3.17729 11.2302C3.17729 11.2302 4.55577 9.81371 6.41698 9.20043C9.09331 8.31857 9.66399 7.35117 10.1405 5.74663C10.7265 3.26601 8.83288 1.33924 6.56286 0.976518C2.03828 0.253574 1.52445 3.92431 1.52445 3.92431C1.55436 3.91352 1.58362 3.90363 1.61286 3.89384C2.00214 3.05913 3.02844 1.4964 5.18477 1.75457C7.62321 2.04655 9.75583 5.20429 4.82624 9.03196Z"
        fill={
          {
            "type": 2,
          }
        }
        fillRule={0}
        propList={
          [
            "fill",
            "fillRule",
          ]
        }
      />
      <RNSVGPath
        clipRule={0}
        d="M4.65271 2.76402C6.15503 3.11349 6.5896 4.31277 5.61767 6.17322C4.64574 8.03368 1.27498 9.88519 2.52272 12.5365C2.37536 12.9415 2.61465 14.0405 2.0487 13.4146C1.48274 12.7888 0.151326 10.1454 1.81255 7.89624C3.47376 5.64704 4.00334 3.57387 2.14249 3.71753C2.14249 3.71753 3.18748 2.42316 4.65271 2.76402Z"
        fill={
          {
            "type": 2,
          }
        }
        fillRule={0}
        propList={
          [
            "fill",
            "fillRule",
          ]
        }
      />
    </RNSVGGroup>
  </RNSVGSvgView>
</View>
`;
